// Jest Snapshot v1, https://goo.gl/fbAQLP

exports[`displays an album renders one single album 1`] = `
<DocumentFragment>
  <a
    href="/releases//title//"
  >
    <figure>
      <p />
      <p />
      <img
        alt="No album art"
        src="http://coverartarchive.org/release//front"
        style="width: 175px;"
      />
    </figure>
  </a>
</DocumentFragment>
`;
